11-25 11:50:35.678   562   847 D ACDB-LOADER: ACDB -> ACDB_CMD_GET_AFE_TOPOLOGY_ID
11-25 11:50:35.678   562   847 D ACDB-LOADER: ACDB -> GET_AFE_TOPOLOGY_ID for adcd_id 14, Topology Id 1025e
11-25 11:50:35.678   562   847 D ACDB-LOADER: ACDB -> send_afe_cal
11-25 11:50:35.678   562   847 D ACDB-LOADER: ACDB -> ACDB_CMD_GET_AFE_COMMON_TABLE
11-25 11:50:35.678   562   847 D ACDB-LOADER: ACDB -> AUDIO_SET_AFE_CAL
11-25 11:50:35.678   562   847 D ACDB-LOADER: ACDB -> send_hw_delay : acdb_id = 14 path = 0
11-25 11:50:35.678   562   847 D ACDB-LOADER: ACDB -> ACDB_AVSYNC_INFO: ACDB_CMD_GET_DEVICE_PROPERTY
11-25 11:50:35.678   562   847 D audio_hw_primary: enable_audio_route: apply mixer and update path: low-latency-playback
11-25 11:50:35.679   562   847 D audio_hw_primary: select_devices: done
11-25 11:50:35.681   562   847 D msm8916_platform: platform_set_channel_map mixer_ctl_name:Playback Channel Map12
11-25 11:50:35.681   562   847 D msm8916_platform: platform_set_channel_map: set mapping(1 2 0 0 0 0 0 0) for channel:2
11-25 11:50:35.686   572   572 D SoftKeymaster: system/keymaster/soft_keymaster_device.cpp, Line 691: Not performing software digesting for algorithm 32
11-25 11:50:35.686   572   572 D SoftKeymaster: system/keymaster/soft_keymaster_device.cpp, Line 1202: Operation supported by Keymaster QTI HAL, passing through to keymaster1 module
11-25 11:50:35.fgfdgfdg690   572   572 D SoftKeymaster: system/keymaster/soft_keymaster_device.cpp, Line 691: Not performing software digesting for algorithm 32
11-25 11:50:35.690   572   572 D SoftKeymaster: system/keymaster/soft_keymaster_device.cpp, Line 1202: Operation supported by Keymaster QTI HAL, passing through to keymaster1 module
11-25 11:50:35.695   572   572 D SoftKeymaster: system/keymaster/soft_keymaster_device.cpp, Line 691: Not performing software digesting for algorithm 32
11-25 11:50:35.695   572   572 D SoftKeymaster: system/keymaster/soft_keymaster_device.cpp, Line 1202: Operation supported by Keymaster QTI HAL, passing through to keymaster1 module
11-25 11:50:35.702   572   572 D SoftKeymaster: system/keymaster/soft_keymaster_device.cpp, Line 691: Not performing software digesting for algorithm 32
11-25 11:50:35.702   572   572 D SoftKeymaster: system/keymaster/soft_keymaster_device.cpp, Line 1202: Operation supported by Keymaster QTI HAL, passing through to keymaster1 module
11-25 11:50:35.707   572   572 D SoftKeymaster: system/keymaster/soft_keymaster_device.cpp, Line 691: Not performing software digesting for algorithm 32
11-25 11:50:35.707   572   572 D SoftKeymaster: system/keymaster/soft_keymaster_device.cpp, Line 1202: Operation supported by Keymaster QTI HAL, passing through to keymaster1 module
11-25 11:50:35.712   572   572 D SoftKeymaster: system/keymaster/soft_keymaster_device.cpp, Line 691: Not performing software digesting for algorithm 32
11-25 11:50:35.712   572   572 D SoftKeymaster: system/keymaster/soft_keymaster_device.cpp, Line 1202: Operation supported by Keymaster QTI HAL, passing through to keymaster1 module
11-25 11:50:35.714   562   847 D audio_hw_primary: start_output_stream: exit
11-25 11:50:35.725 16563 16563 I DATABASE: {"method":"getDevice"}
11-25 11:50:35.728 16563 16563 I DATABASE: {"method":"getAccess"}
11-25 11:50:35.734 16563 16606 I okhttp.OkHttpClient: --> GET http://172.30.0.95:8040/api/products/sync/ab4209d2-1b68-41c0-a666-2fa81d1f34cb?hardwareId=V365101011199132
11-25 11:50:35.734 16563 16606 I okhttp.OkHttpClient: Authorization: Bearer eyJhbGciOiJIUzI1NiIsInR5cCI6IkpXVCJ9.eyJoYXJkd2FyZUlkIjoiVjM2NTEwMTAxMTE5OTEzMiIsInJlc3RhdXJhbnRJZCI6ImFiNDIwOWQyLTFiNjgtNDFjMC1hNjY2LTJmYTgxZDFmMzRjYiIsInN1YiI6ImFiNDIwOWQyLTFiNjgtNDFjMC1hNjY2LTJmYTgxZDFmMzRjYiIsImp0aSI6IjMxNTlhYjY3LTU0ZGQtNDMwMi05ZWM3LTE2NjU2MzZmMjQxOSIsImlhdCI6MTY2OTM3Njg4NCwibmJmIjoxNjY5Mzc2ODgzLCJleHAiOjE2NjkzNzcxODMsImlzcyI6IkRtcy5BcGkiLCJhdWQiOiJEbXMuR2F0ZXdheSJ9.ZEQwY6KpzadNzsvNYU4QLywVqMrx-rXA7g4sfDL92ss
11-25 11:50:35.735 16563 16606 I okhttp.OkHttpClient: --> END GET
11-25 11:50:35.762 16563 16563 V BoostFramework: BoostFramework() : mPerf = com.qualcomm.qti.Performance@96e8735
11-25 11:50:35.762 16563 16563 V BoostFramework: BoostFramework() : mPerf = com.qualcomm.qti.Performance@93fe7ca
11-25 11:50:35.766 16563 16563 V BoostFramework: BoostFramework() : mPerf = com.qualcomm.qti.Performance@255ac58
11-25 11:50:35.766 16563 16563 V BoostFramework: BoostFramework() : mPerf = com.qualcomm.qti.Performance@d0d61b1
11-25 11:50:35.876 16563 16606 I okhttp.OkHttpClient: <-- 405 Method Not Allowed http://172.30.0.95:8040/api/products/sync/ab4209d2-1b68-41c0-a666-2fa81d1f34cb?hardwareId=V365101011199132 (141ms)
11-25 11:50:35.876 16563 16606 I okhttp.OkHttpClient: Content-Length: 0
11-25 11:50:35.877 16563 16606 I okhttp.OkHttpClient: Date: Fri, 25 Nov 2022 11:50:34 GMT
11-25 11:50:35.877 16563 16606 I okhttp.OkHttpClient: Server: Kestrel
11-25 11:50:35.877 16563 16606 I okhttp.OkHttpClient: Allow: POST
11-25 11:50:35.877 16563 16606 I okhttp.OkHttpClient: <-- END HTTP (0-byte body)
11-25 11:50:35.878 16563 16606 W System.err: java.lang.Exception: 
11-25 11:50:35.878 16563 16606 W System.err: 	at com.katemedia.android.lib.kate.web.feature.core.datasource.base.BaseDataSource$execute$1.invokeSuspend(BaseDataSource.kt:48)
11-25 11:50:35.878 16563 16606 W System.err: 	at com.katemedia.android.lib.kate.web.feature.core.datasource.base.BaseDataSource$execute$1.invoke(BaseDataSource.kt)
11-25 11:50:35.878 16563 16606 W System.err: 	at com.katemedia.android.lib.kate.web.feature.core.datasource.base.BaseDataSource$execute$1.invoke(BaseDataSource.kt)
11-25 11:50:35.878 16563 16606 W System.err: 	at kotlinx.coroutines.flow.SafeFlow.collectSafely(Builders.kt:61)
11-25 11:50:35.878 16563 16606 W System.err: 	at kotlinx.coroutines.flow.AbstractFlow.collect(Flow.kt:227)
11-25 11:50:35.878 16563 16606 W System.err: 	at kotlinx.coroutines.flow.FlowKt__ErrorsKt.catchImpl(Errors.kt:156)
11-25 11:50:35.878 16563 16606 W System.err: 	at kotlinx.coroutines.flow.FlowKt.catchImpl(Unknown Source)
11-25 11:50:35.878 16563 16606 W System.err: 	at kotlinx.coroutines.flow.FlowKt__ErrorsKt$retryWhen$$inlined$unsafeFlow$1.collect(SafeCollector.common.kt:117)
11-25 11:50:35.878 16563 16606 W System.err: 	at com.katemedia.android.lib.kate.data.feature.user.menu.manager.delegator.repository.remote.RemoteUserMenuRepDelegator$syncMenu$$inlined$map$1.collect(SafeCollector.common.kt:113)
11-25 11:50:35.878 16563 16606 W System.err: 	at kotlinx.coroutines.flow.FlowKt__ErrorsKt.catchImpl(Errors.kt:156)
11-25 11:50:35.879 16563 16606 W System.err: 	at kotlinx.coroutines.flow.FlowKt.catchImpl(Unknown Source)
11-25 11:50:35.879 16563 16606 W System.err: 	at kotlinx.coroutines.flow.FlowKt__ErrorsKt$catch$$inlined$unsafeFlow$1.collect(SafeCollector.common.kt:113)
11-25 11:50:35.879 16563 16606 W System.err: 	at kotlinx.coroutines.flow.FlowKt__ErrorsKt.catchImpl(Errors.kt:156)
11-25 11:50:35.879 16563 16606 W System.err: 	at kotlinx.coroutines.flow.FlowKt.catchImpl(Unknown Source)
11-25 11:50:35.879 16563 16606 W System.err: 	at kotlinx.coroutines.flow.FlowKt__ErrorsKt$catch$$inlined$unsafeFlow$1.collect(SafeCollector.common.kt:113)
11-25 11:50:35.879 16563 16606 W System.err: 	at kotlinx.coroutines.flow.internal.ChannelFlowOperatorImpl.flowCollect(ChannelFlow.kt:195)
11-25 11:50:35.879 16563 16606 W System.err: 	at kotlinx.coroutines.flow.internal.ChannelFlowOperator.collectTo$suspendImpl(ChannelFlow.kt:157)
11-25 11:50:35.879 16563 16606 W System.err: 	at kotlinx.coroutines.flow.internal.ChannelFlowOperator.collectTo(ChannelFlow.kt)
11-25 11:50:35.879 16563 16606 W System.err: 	at kotlinx.coroutines.flow.internal.ChannelFlow$collectToFun$1.invokeSuspend(ChannelFlow.kt:60)
11-25 11:50:35.879 16563 16606 W System.err: 	at kotlin.coroutines.jvm.internal.BaseContinuationImpl.resumeWith(ContinuationImpl.kt:33)
11-25 11:50:35.879 16563 16606 W System.err: 	at kotlinx.coroutines.DispatchedTask.run(DispatchedTask.kt:106)
11-25 11:50:35.879 16563 16606 W System.err: 	at kotlinx.coroutines.internal.LimitedDispatcher.run(LimitedDispatcher.kt:39)
11-25 11:50:35.879 16563 16606 W System.err: 	at kotlinx.coroutines.scheduling.TaskImpl.run(Tasks.kt:95)
11-25 11:50:35.879 16563 16606 W System.err: 	at kotlinx.coroutines.scheduling.CoroutineScheduler.runSafely(CoroutineScheduler.kt:571)
11-25 11:50:35.879 16563 16606 W System.err: 	at kotlinx.coroutines.scheduling.CoroutineScheduler$Worker.executeTask(CoroutineScheduler.kt:750)
11-25 11:50:35.879 16563 16606 W System.err: 	at kotlinx.coroutines.scheduling.CoroutineScheduler$Worker.runWorker(CoroutineScheduler.kt:678)
11-25 11:50:35.879 16563 16606 W System.err: 	at kotlinx.coroutines.scheduling.CoroutineScheduler$Worker.run(CoroutineScheduler.kt:665)
11-25 11:50:35.882 16563 16606 I DATABASE: {"method":"saveError"}
11-25 11:50:35.890 16563 16606 I DATABASE: {"method":"getAccess"}
11-25 11:50:35.909 16563 16563 W System.err: java.lang.Exception: 
11-25 11:50:35.909 16563 16563 W System.err: 	at com.katemedia.android.lib.kate.web.feature.core.datasource.base.BaseDataSource$execute$1.invokeSuspend(BaseDataSource.kt:48)
11-25 11:50:35.909 16563 16563 W System.err: 	at com.katemedia.android.lib.kate.web.feature.core.datasource.base.BaseDataSource$execute$1.invoke(BaseDataSource.kt)
11-25 11:50:35.909 16563 16563 W System.err: 	at com.katemedia.android.lib.kate.web.feature.core.datasource.base.BaseDataSource$execute$1.invoke(BaseDataSource.kt)
11-25 11:50:35.909 16563 16563 W System.err: 	at kotlinx.coroutines.flow.SafeFlow.collectSafely(Builders.kt:61)
11-25 11:50:35.909 16563 16563 W System.err: 	at kotlinx.coroutines.flow.AbstractFlow.collect(Flow.kt:227)
11-25 11:50:35.909 16563 16563 W System.err: 	at kotlinx.coroutines.flow.FlowKt__ErrorsKt.catchImpl(Errors.kt:156)
11-25 11:50:35.909 16563 16563 W System.err: 	at kotlinx.coroutines.flow.FlowKt.catchImpl(Unknown Source)
11-25 11:50:35.909 16563 16563 W System.err: 	at kotlinx.coroutines.flow.FlowKt__ErrorsKt$retryWhen$$inlined$unsafeFlow$1.collect(SafeCollector.common.kt:117)
11-25 11:50:35.909 16563 16563 W System.err: 	at com.katemedia.android.lib.kate.data.feature.user.menu.manager.delegator.repository.remote.RemoteUserMenuRepDelegator$syncMenu$$inlined$map$1.collect(SafeCollector.common.kt:113)
11-25 11:50:35.909 16563 16563 W System.err: 	at kotlinx.coroutines.flow.FlowKt__ErrorsKt.catchImpl(Errors.kt:156)
11-25 11:50:35.909 16563 16563 W System.err: 	at kotlinx.coroutines.flow.FlowKt.catchImpl(Unknown Source)
11-25 11:50:35.909 16563 16563 W System.err: 	at kotlinx.coroutines.flow.FlowKt__ErrorsKt$catch$$inlined$unsafeFlow$1.collect(SafeCollector.common.kt:113)
11-25 11:50:35.909 16563 16563 W System.err: 	at kotlinx.coroutines.flow.FlowKt__ErrorsKt.catchImpl(Errors.kt:156)
11-25 11:50:35.910 16563 16563 W System.err: 	at kotlinx.coroutines.flow.FlowKt.catchImpl(Unknown Source)
11-25 11:50:35.910 16563 16563 W System.err: 	at kotlinx.coroutines.flow.FlowKt__ErrorsKt$catch$$inlined$unsafeFlow$1.collect(SafeCollector.common.kt:113)
11-25 11:50:35.910 16563 16563 W System.err: 	at kotlinx.coroutines.flow.internal.ChannelFlowOperatorImpl.flowCollect(ChannelFlow.kt:195)
11-25 11:50:35.910 16563 16563 W System.err: 	at kotlinx.coroutines.flow.internal.ChannelFlowOperator.collectTo$suspendImpl(ChannelFlow.kt:157)
11-25 11:50:35.910 16563 16563 W System.err: 	at kotlinx.coroutines.flow.internal.ChannelFlowOperator.collectTo(ChannelFlow.kt)
11-25 11:50:35.910 16563 16563 W System.err: 	at kotlinx.coroutines.flow.internal.ChannelFlow$collectToFun$1.invokeSuspend(ChannelFlow.kt:60)
11-25 11:50:35.910 16563 16563 W System.err: 	at kotlin.coroutines.jvm.internal.BaseContinuationImpl.resumeWith(ContinuationImpl.kt:33)
11-25 11:50:35.910 16563 16563 W System.err: 	at kotlinx.coroutines.DispatchedTask.run(DispatchedTask.kt:106)
11-25 11:50:35.910 16563 16563 W System.err: 	at kotlinx.coroutines.internal.LimitedDispatcher.run(LimitedDispatcher.kt:39)
11-25 11:50:35.910 16563 16563 W System.err: 	at kotlinx.coroutines.scheduling.TaskImpl.run(Tasks.kt:95)
11-25 11:50:35.910 16563 16563 W System.err: 	at kotlinx.coroutines.scheduling.CoroutineScheduler.runSafely(CoroutineScheduler.kt:571)
11-25 11:50:35.910 16563 16563 W System.err: 	at kotlinx.coroutines.scheduling.CoroutineScheduler$Worker.executeTask(CoroutineScheduler.kt:750)
11-25 11:50:35.910 16563 16563 W System.err: 	at kotlinx.coroutines.scheduling.CoroutineScheduler$Worker.runWorker(CoroutineScheduler.kt:678)
11-25 11:50:35.910 16563 16563 W System.err: 	at kotlinx.coroutines.scheduling.CoroutineScheduler$Worker.run(CoroutineScheduler.kt:665)
11-25 11:50:35.925  1383  1645 W InputMethodManagerService: Window already focused, ignoring focus gain of: com.android.internal.view.IInputMethodClient$Stub$Proxy@dd8a772 attribute=null, token = android.os.BinderProxy@98d9247
11-25 11:50:35.937 16563 16563 V BoostFramework: BoostFramework() : mPerf = com.qualcomm.qti.Performance@ac68b0b
11-25 11:50:35.937 16563 16563 V BoostFramework: BoostFramework() : mPerf = com.qualcomm.qti.Performance@a68bde8
11-25 11:50:35.941 16563 16563 V BoostFramework: BoostFramework() : mPerf = com.qualcomm.qti.Performance@7df8aa6
11-25 11:50:35.941 16563 16563 V BoostFramework: BoostFramework() : mPerf = com.qualcomm.qti.Performance@8d0cce7
11-25 11:50:36.102   513   513 W SurfaceFlinger: couldn't log to binary event log: overflow.
11-25 11:50:36.300   535   852 E libnav  : CablComputeBacklightLevel(): UpdateType = DifferentSceneUpdate
11-25 11:50:37.168  2545  2545 D wpa_supplicant: wlan0: Control interface command 'SIGNAL_POLL'
11-25 11:50:37.170  2545  2545 D wpa_supplicant: CTRL-DEBUG: global_ctrl_sock-sendto: sock=8 sndbuf=212992 outq=0 send_len=48
11-25 11:50:37.174   562  5443 I AudioPolicyManagerCustom: FLAG None hence request for a primary output
11-25 11:50:37.174   562 12329 I AudioPolicyManagerCustom: FLAG None hence request for a primary output
11-25 11:50:37.182  1383  3372 W InputMethodManagerService: Window already focused, ignoring focus gain of: com.android.internal.view.IInputMethodClient$Stub$Proxy@87edc3b attribute=null, token = android.os.BinderProxy@98d9247
11-25 11:50:37.368   513   513 W SurfaceFlinger: couldn't log to binary event log: overflow.
11-25 11:50:37.484   535   852 E libnav  : CablComputeBacklightLevel(): UpdateType = DifferentSceneUpdate
11-25 11:50:40.176  2545  2545 D wpa_supplicant: wlan0: Control interface command 'SIGNAL_POLL'
11-25 11:50:40.178  2545  2545 D wpa_supplicant: CTRL-DEBUG: global_ctrl_sock-sendto: sock=8 sndbuf=212992 outq=0 send_len=48
11-25 11:50:40.313   562   847 D audio_hw_primary: out_standby: enter: stream (0xeac10800) usecase(1: low-latency-playback)
11-25 11:50:40.435   562   847 D audio_hw_primary: disable_audio_route: reset and update mixer path: low-latency-playback
11-25 11:50:40.436   562   847 D soundtrigger: audio_extn_sound_trigger_update_stream_status: uc_id 1 of type 0 for Event 2, with Raise=0
11-25 11:50:40.436   562   847 D hardware_info: hw_info_append_hw_type : device_name = speaker
11-25 11:50:40.436   562   847 D audio_hw_primary: disable_snd_device: snd_device(2: speaker)
11-25 11:50:40.436   562   847 D msm8916_platform: platform_can_split_snd_device: snd_device(2) num devices(0) new_snd_devices(0)
11-25 11:50:40.437   562   847 D aud_dev_arbi: releaseOneDevice: not sending command, device argument (2) does not match any registered device
11-25 11:50:40.437   562   847 D aud_dev_arbi: releaseOneDevice: device 2 owner is 0
11-25 11:50:40.437   562   847 I soundtrigger: audio_extn_sound_trigger_update_device_status: device 0x2 of type 0 for Event 0, with Raise=0
11-25 11:50:40.437   562   847 D audio_hw_primary: out_standby: exit
11-25 11:50:43.182  2545  2545 D wpa_supplicant: wlan0: Control interface command 'SIGNAL_POLL'
11-25 11:50:43.199  2545  2545 D wpa_supplicant: CTRL-DEBUG: global_ctrl_sock-sendto: sock=8 sndbuf=212992 outq=0 send_len=48
11-25 11:50:46.204  2545  2545 D wpa_supplicant: wlan0: Control interface command 'SIGNAL_POLL'
11-25 11:50:46.220  2545  2545 D wpa_supplicant: CTRL-DEBUG: global_ctrl_sock-sendto: sock=8 sndbuf=212992 outq=0 send_len=48
11-25 11:50:46.374  2545  2545 D wpa_supplicant: wlan0: Control interface command 'SCAN TYPE=ONLY'
11-25 11:50:46.374  2545  2545 D wpa_supplicant: wlan0: Setting scan request: 0.000000 sec
11-25 11:50:46.374  2545  2545 D wpa_supplicant: CTRL-DEBUG: global_ctrl_sock-sendto: sock=8 sndbuf=212992 outq=0 send_len=3
11-25 11:50:46.375  2545  2545 D wpa_supplicant: wlan0: Starting AP scan for wildcard SSID
11-25 11:50:46.375  2545  2545 D wpa_supplicant: wlan0: Add radio work 'scan'@0x7f8822e420
11-25 11:50:46.375  2545  2545 D wpa_supplicant: wlan0: First radio work item in the queue - schedule start immediately
11-25 11:50:46.375  2545  2545 D wpa_supplicant: wlan0: Starting radio work 'scan'@0x7f8822e420 after 0.000043 second wait
11-25 11:50:46.375  2545  2545 D wpa_supplicant: wlan0: nl80211: scan request
11-25 11:50:46.375  2545  2545 D wpa_supplicant: nl80211: Scan SSID - hexdump(len=0): [NULL]
11-25 11:50:46.375  2545  2545 D wpa_supplicant: nl80211: Scan extra IEs - hexdump(len=7): 7f 05 00 00 0a 02 01
11-25 11:50:46.375  2545  2545 D wpa_supplicant: Scan requested (ret=0) - scan timeout 30 seconds
11-25 11:50:46.375  2545  2545 D wpa_supplicant: nl80211: Event message available
11-25 11:50:46.375  2545  2545 D wpa_supplicant: nl80211: Drv Event 33 (NL80211_CMD_TRIGGER_SCAN) received for wlan0
11-25 11:50:46.375  2545  2545 D wpa_supplicant: wlan0: nl80211: Scan trigger
11-25 11:50:46.375  2545  2545 D wpa_supplicant: wlan0: Event SCAN_STARTED (47) received
11-25 11:50:46.376  2545  2545 D wpa_supplicant: wlan0: Own scan request started a scan in 0.000112 seconds
11-25 11:50:46.376  2545  2545 D wpa_supplicant: CTRL-DEBUG: ctrl_sock-sendmsg: sock=8 sndbuf=212992 outq=0 send_len=24
11-25 11:50:46.376  2545  2545 D wpa_supplicant: CTRL_IFACE monitor sent successfully to /data/misc/wifi/sockets/wpa_ctrl_545-2\x00
11-25 11:50:46.376  2545  2545 D wpa_supplicant: CTRL-DEBUG: ctrl_sock-sendmsg: sock=8 sndbuf=212992 outq=768 send_len=24
11-25 11:50:46.376  2545  2545 D wpa_supplicant: CTRL_IFACE monitor sent successfully to /data/misc/wifi/sockets/wpa_ctrl_1383-2\x00
11-25 11:50:49.224  2545  2545 D wpa_supplicant: wlan0: Control interface command 'SIGNAL_POLL'
11-25 11:50:49.227  2545  2545 D wpa_supplicant: CTRL-DEBUG: global_ctrl_sock-sendto: sock=8 sndbuf=212992 outq=0 send_len=48
11-25 11:50:49.826  2545  2545 D wpa_supplicant: nl80211: Event message available
11-25 11:50:49.826  2545  2545 D wpa_supplicant: nl80211: Drv Event 34 (NL80211_CMD_NEW_SCAN_RESULTS) received for wlan0
11-25 11:50:49.826  2545  2545 D wpa_supplicant: wlan0: nl80211: New scan results available
11-25 11:50:49.826  2545  2545 D wpa_supplicant: nl80211: Scan included frequencies: 2412 2417 2422 2427 2432 2437 2442 2447 2452 2457 2462 2467 2472 2484 5180 5200 5220 5240 5260 5280 5300 5320 5500 5520 5540 5560 5580 5600 5620 5640 5660 5680 5700 5720 5745 5765 5785 5805 5825
11-25 11:50:49.826  2545  2545 D wpa_supplicant: wlan0: Event SCAN_RESULTS (3) received
11-25 11:50:49.826  2545  2545 D wpa_supplicant: wlan0: Scan completed in 3.450755 seconds
11-25 11:50:49.826  2545  2545 D wpa_supplicant: nl80211: Associated on 2452 MHz
11-25 11:50:49.826  2545  2545 D wpa_supplicant: nl80211: Associated with 50:ff:20:52:92:52
11-25 11:50:49.826  2545  2545 D wpa_supplicant: nl80211: Received scan results (5 BSSes)
11-25 11:50:49.827  2545  2545 D wpa_supplicant: nl80211: Scan results indicate BSS status with 50:ff:20:52:92:52 as associated
11-25 11:50:49.827  2545  2545 D wpa_supplicant: wlan0: BSS: Start scan result update 202
11-25 11:50:49.827  2545  2545 D wpa_supplicant: wlan0: BSS: Add new id 156 BSSID 50:ff:20:52:92:54 SSID 'Rentabox2.2' freq 5260
11-25 11:50:49.827  2545  2545 D wpa_supplicant: CTRL-DEBUG: ctrl_sock-sendmsg: sock=8 sndbuf=212992 outq=0 send_len=42
11-25 11:50:49.827  2545  2545 D wpa_supplicant: CTRL_IFACE monitor sent successfully to /data/misc/wifi/sockets/wpa_ctrl_545-2\x00
11-25 11:50:49.827  2545  2545 D wpa_supplicant: CTRL-DEBUG: ctrl_sock-sendmsg: sock=8 sndbuf=212992 outq=768 send_len=42
11-25 11:50:49.827  2545  2545 D wpa_supplicant: CTRL_IFACE monitor sent successfully to /data/misc/wifi/sockets/wpa_ctrl_1383-2\x00
11-25 11:50:49.827  2545  2545 D wpa_supplicant: wlan0: BSS: Add new id 157 BSSID 52:ff:20:42:92:54 SSID '' freq 5260
11-25 11:50:49.827  2545  2545 D wpa_supplicant: CTRL-DEBUG: ctrl_sock-sendmsg: sock=8 sndbuf=212992 outq=768 send_len=42
11-25 11:50:49.827  2545  2545 D wpa_supplicant: CTRL_IFACE monitor sent successfully to /data/misc/wifi/sockets/wpa_ctrl_545-2\x00
11-25 11:50:49.827  2545  2545 D wpa_supplicant: CTRL-DEBUG: ctrl_sock-sendmsg: sock=8 sndbuf=212992 outq=1536 send_len=42
11-25 11:50:49.827  2545  2545 D wpa_supplicant: CTRL_IFACE monitor sent successfully to /data/misc/wifi/sockets/wpa_ctrl_1383-2\x00
11-25 11:50:49.827  2545  2545 D wpa_supplicant: wlan0: BSS: Add new id 158 BSSID 54:35:30:51:a0:12 SSID 'HP-Print-12-LaserJe